OK(pin)   pwntools==4.15.0
OK(pin)   pycryptodome==3.23.0
OK(pin)   z3-solver==4.13.0.0
OK(pin)   sympy==1.14.0
OK(pin)   gmpy2==2.3.0
OK(pin)   hashpumpy==1.2
OK(pin)   fpylll==0.6.4
OK(pin)   py_ecc==8.0.0
OK(pin)   ecdsa==0.19.1
OK(pin)   angr==9.2.193
OK(pin)   frida-tools==14.8.0
OK(pin)   qiling==1.4.6
OK(pin)   requests==2.32.5
OK(pin)   httpx==0.27.2
OK(pin)   flask-unsign==1.2.1
OK(pin)   sqlmap==1.10.3
OK(pin)   ropper==1.13.13
OK(pin)   ROPgadget==7.7
OK(pin)   volatility3==2.27.0
OK(pin)   yara-python==4.5.4
OK(pin)   pefile==2024.8.26
OK(pin)   capstone==5.0.3
OK(pin)   oletools==0.60.2
OK(pin)   unicorn==2.1.2
OK(pin)   scapy==2.7.0
OK(pin)   Pillow==11.3.0
OK(pin)   numpy==2.2.6
OK(pin)   matplotlib==3.10.8
OK(pin)   shodan==1.31.0
OK(pin)   uncompyle6==3.9.3
OK(pin)   lief==0.17.6
OK(pin)   dnspython==2.8.0
OK(pin)   dnslib==0.9.26
OK(unpin) segno
OK(pin)   dissect.cobaltstrike==1.2.1
OK(pin)   python-evtx==0.7.4
### SUMMARY ok=36 fail=0
### FAILED:
### Fri Oct  9 23:59:37 KST 2026 DONE
